// Vitest Snapshot v1, https://vitest.dev/guide/snapshot.html

exports[`IPC Contract Tests > Channel Inventory Documentation > all IPC channels snapshot > all-ipc-channels 1`] = `
[
  "admin:add-extra-time",
  "admin:authenticate",
  "admin:change-password",
  "admin:get-last-watched-video-with-source",
  "admin:get-time-extra",
  "admin:hash-password",
  "admin:write-time-limits",
  "clear-source-cache",
  "database:favorites:add",
  "database:favorites:get-all",
  "database:favorites:is-favorite",
  "database:favorites:remove",
  "database:favorites:toggle",
  "database:health-check",
  "database:settings:get-by-namespace",
  "database:settings:get-setting",
  "database:settings:set-by-namespace",
  "database:settings:set-setting",
  "database:sources:create",
  "database:sources:delete",
  "database:sources:get-all",
  "database:sources:get-by-id",
  "database:sources:update",
  "database:time-limits:get",
  "database:time-limits:get-for-day",
  "database:time-limits:update",
  "database:time-limits:update-day",
  "database:usage-extras:add",
  "database:usage-extras:delete",
  "database:usage-extras:get-by-date",
  "database:usage-extras:get-total-minutes",
  "database:usage-logs:get-by-date",
  "database:usage-logs:get-by-date-range",
  "database:usage-logs:get-monthly",
  "database:usage-logs:increment",
  "database:usage-logs:upsert",
  "database:videos:batch-upsert",
  "database:videos:get-by-id",
  "database:videos:get-by-source",
  "database:videos:search",
  "database:videos:update-availability",
  "database:videos:update-metadata",
  "database:view-records:get",
  "database:view-records:get-history",
  "database:view-records:get-recently-watched",
  "database:view-records:update",
  "database:youtube-cache:clear-cache",
  "database:youtube-cache:get-cached-results",
  "database:youtube-cache:set-cached-results",
  "download:cancel",
  "download:check-downloaded",
  "download:get-status",
  "download:is-downloading",
  "download:reset-status",
  "download:start",
  "downloaded-videos:get-all",
  "downloaded-videos:get-by-id",
  "downloaded-videos:get-by-source",
  "downloaded-videos:get-total-size",
  "downloads:cleanup",
  "get-conversion-status",
  "get-dlna-file",
  "get-env-var",
  "get-existing-converted-video-path",
  "get-folder-video-count",
  "get-local-file",
  "get-local-folder-contents",
  "get-local-source-video-count",
  "get-local-video-duration",
  "get-paginated-videos",
  "get-player-config",
  "get-setup-status",
  "get-video-codec-info",
  "get-video-data",
  "get-video-streams",
  "get-watched-videos",
  "get-youtube-api-key",
  "get-youtube-video-info",
  "has-converted-video",
  "load-all-videos-from-sources",
  "load-sources-for-kid-screen",
  "load-videos-for-source",
  "load-videos-from-sources",
  "logging:get-verbose",
  "logging:log",
  "logging:set-verbose",
  "main-settings:get-default-download-path",
  "main-settings:read",
  "main-settings:write",
  "needs-video-conversion",
  "open-video-in-window",
  "path-join",
  "search:cached-results:get",
  "search:database",
  "search:history:get",
  "search:youtube",
  "start-video-conversion",
  "test-handler",
  "time-tracking:get-time-limits",
  "time-tracking:get-time-tracking-state",
  "time-tracking:record-video-watching",
  "video-sources:get-all",
  "video-sources:save-all",
  "video-sources:validate-local-path",
  "video-sources:validate-youtube-url",
  "wishlist:add",
  "wishlist:approve",
  "wishlist:bulk-approve",
  "wishlist:bulk-deny",
  "wishlist:deny",
  "wishlist:get-by-status",
  "wishlist:remove",
  "youtube-cache:clear-expired",
  "youtube-cache:clear-source",
  "youtube-cache:get",
  "youtube-cache:get-page",
  "youtube-cache:load-config",
  "youtube-cache:save-page",
  "youtube-cache:set",
]
`;

exports[`IPC Contract Tests > Channel Inventory Documentation > documents IPC channel breakdown by category > ipc-channel-breakdown 1`] = `
{
  "ADMIN": 7,
  "CACHE": 1,
  "CONVERSION": 6,
  "DATABASE": 1,
  "DB_SETTINGS": 4,
  "DLNA": 1,
  "DOWNLOADED_VIDEOS": 4,
  "DOWNLOADS": 7,
  "FAVORITES": 5,
  "LOCAL_FILES": 5,
  "LOGGING": 3,
  "PLAYBACK": 2,
  "SEARCH": 4,
  "SETTINGS": 4,
  "SOURCES": 5,
  "TEST": 1,
  "TIME_LIMITS": 4,
  "TIME_TRACKING": 3,
  "UI": 1,
  "USAGE_EXTRAS": 4,
  "USAGE_LOGS": 5,
  "UTILS": 2,
  "VIDEOS": 6,
  "VIDEO_LOADING": 7,
  "VIDEO_SOURCES": 4,
  "VIEW_RECORDS": 4,
  "WISHLIST": 7,
  "YOUTUBE": 2,
  "YOUTUBE_CACHE": 4,
  "YOUTUBE_CACHE_DB": 6,
}
`;
